                        │my-project  running                                                                                            
 SwarmOps               │──────────────────────────────────────────────────────                                                         
 00:00:00               │                                                                                                               
 2 sess                 │                                                                                                               
 ────────────────────   │                                                                                                               
                        │                                                                                                               
 ▸ ○ my-project         │                                                                                                               
   ○ old-task           │                                                                                                               
                        │                                                                                                               
                        │                                                                                                               
                        │                                                                                                               
                        │                                                                                                               
                        │                                                                                                               
                        │                                                                                                               
                        │                                                                                                               
                        │                                                                                                               
                        │                                                                                                               
                        │                                                                                                               
                        │                                                                                                               
                        │                                                                                                               
                        │                                                                                                               
                        │                                                                                                               
                        │                                                                                                               
                        │                                                                                                               
Alt+A/Z nav │ Alt+N smart-new │ Alt+C agent │ Alt+S start/stop │ Alt+R rename │ Alt+M mission │ Alt+G dir │ Alt+D delete                
Alt+P plane │ Alt+I icinga │ Alt+L audit │ Alt+W close issue │ Alt+E escalations │ Alt+O pool │ Alt+F feedback │ Alt+X copy │ Alt+Q quit